// Jest Snapshot v1, https://jestjs.io/docs/snapshot-testing

exports[`ParaBank Registration - Page Navigation should navigate to registration page successfully 1`] = `
"Experience the difference
Solutions
About Us
Services
Products
Locations
Admin Page
home
about
contact
Customer Login
Username
Password
Forgot login info?
Register
Signing up is easy!
If you have an account with us you can sign-up for free instant online access. You will have to provide some personal information.
First Name:
Last Name:
Address:
City:
State:
Zip Code:
Phone #:
SSN:
  Username:
Password:
Confirm:
 
Home|
About Us|
Services|
Products|
Locations|
Forum|
Site Map|
Contact Us
© Parasoft. All rights reserved.
Visit us at:
www.parasoft.com"
`;
